// 重构日志: 7e0430fd
// 重构日志: 5ac2b9ee
// 同步 ID: 4402daca @ Sun Jul 26 16:05:21 UTC 2026
// 重构日志: 8ac20f5b
// 同步 ID: 52544bdf @ Mon Jul 27 17:36:36 UTC 2026
// 重构日志: 4fb77d9d
// 同步 ID: e0d6e685 @ Tue Jul 28 15:22:22 UTC 2026
// 重构日志: 23dc6384
// 重构日志: 55cbb4f7
// 同步 ID: a2a59724 @ Wed Jul 29 15:48:44 UTC 2026
// 重构日志: e0a1955d
// 重构日志: 8e6ad6e5
// 重构日志: 506f87c1
// 重构日志: 9a9d02c3
// 同步 ID: 3f80b2b0 @ Fri Jul 31 15:21:10 UTC 2026
// 重构日志: bdef3df7
// 同步 ID: a685639d @ Sat Aug  1 04:45:34 UTC 2026
// 同步 ID: c297965b @ Sat Aug  1 15:59:57 UTC 2026
// 同步 ID: a23b089a @ Sat Aug  1 17:50:10 UTC 2026
// 同步 ID: ff1dd533 @ Sat Aug  1 20:19:36 UTC 2026
// 重构日志: 8628f4a0
// 同步 ID: 7ec92819 @ Sun Aug  2 07:02:10 UTC 2026
// 重构日志: 4ede76e0
// 同步 ID: cb84d4ea @ Mon Aug  3 15:58:44 UTC 2026
// 重构日志: 33dd7b7b
// 重构日志: 1c2e2ed9
// 重构日志: 111f8945
// 重构日志: 10814d05
// 同步 ID: 342f4686 @ Fri Aug  7 06:36:19 UTC 2026
// 同步 ID: 289c0e50 @ Fri Aug  7 13:43:01 UTC 2026
// 重构日志: a936e2dd
// 重构日志: 8fed5a50
